2025-08-18 19:15:20,388 - INFO - begin_inventory.csv
2025-08-18 19:15:20,662 - INFO - Ingesting begin_inventory.csv in db
2025-08-18 19:15:20,662 - INFO - end_inventory.csv
2025-08-18 19:15:20,892 - INFO - Ingesting end_inventory.csv in db
2025-08-18 19:15:20,892 - INFO - purchases.csv
2025-08-18 19:15:25,041 - INFO - Ingesting purchases.csv in db
2025-08-18 19:15:25,041 - INFO - purchase_prices.csv
2025-08-18 19:15:25,141 - INFO - Ingesting purchase_prices.csv in db
2025-08-18 19:15:25,141 - INFO - sales.csv
2025-08-18 19:15:46,606 - INFO - Ingesting sales.csv in db
2025-08-18 19:15:46,606 - INFO - vendor_invoice.csv
2025-08-18 19:15:47,415 - INFO - Ingesting vendor_invoice.csv in db
2025-08-18 19:15:47,415 - INFO - Starting data upload process...
2025-08-18 19:15:47,415 - INFO - Step 1: Recreating database...
2025-08-18 19:15:47,473 - DEBUG - Starting authorization phase
2025-08-18 19:15:47,475 - DEBUG - The provided initial strategy is caching_sha2_password
2025-08-18 19:15:47,475 - INFO - package: mysql.connector.plugins
2025-08-18 19:15:47,475 - INFO - plugin_name: caching_sha2_password
2025-08-18 19:15:47,475 - INFO - AUTHENTICATION_PLUGIN_CLASS: MySQLCachingSHA2PasswordAuthPlugin
2025-08-18 19:15:47,475 - DEBUG - Exchanging further packets
2025-08-18 19:15:47,475 - DEBUG - caching_sha2_password completed succesfully
2025-08-18 19:15:47,640 - INFO - Database 'vender' has been recreated successfully

2025-08-18 19:15:49,641 - INFO - Step 2: Processing CSV files...
2025-08-18 19:15:49,641 - INFO - Error during upload process: name 'csv_files' is not defined
2025-08-18 19:19:37,075 - INFO - begin_inventory.csv
2025-08-18 19:19:37,288 - INFO - Ingesting begin_inventory.csv in db
2025-08-18 19:19:37,288 - INFO - end_inventory.csv
2025-08-18 19:19:37,516 - INFO - Ingesting end_inventory.csv in db
2025-08-18 19:19:37,516 - INFO - purchases.csv
2025-08-18 19:19:41,272 - INFO - Ingesting purchases.csv in db
2025-08-18 19:19:41,272 - INFO - purchase_prices.csv
2025-08-18 19:19:41,341 - INFO - Ingesting purchase_prices.csv in db
2025-08-18 19:19:41,341 - INFO - sales.csv
2025-08-18 19:19:56,038 - INFO - Ingesting sales.csv in db
2025-08-18 19:19:56,038 - INFO - vendor_invoice.csv
2025-08-18 19:19:56,249 - INFO - Ingesting vendor_invoice.csv in db
2025-08-18 19:19:56,249 - INFO - Starting data upload process...
2025-08-18 19:19:56,249 - INFO - Step 1: Recreating database...
2025-08-18 19:19:56,281 - DEBUG - Starting authorization phase
2025-08-18 19:19:56,281 - DEBUG - The provided initial strategy is caching_sha2_password
2025-08-18 19:19:56,281 - INFO - package: mysql.connector.plugins
2025-08-18 19:19:56,281 - INFO - plugin_name: caching_sha2_password
2025-08-18 19:19:56,281 - INFO - AUTHENTICATION_PLUGIN_CLASS: MySQLCachingSHA2PasswordAuthPlugin
2025-08-18 19:19:56,281 - DEBUG - Exchanging further packets
2025-08-18 19:19:56,281 - DEBUG - caching_sha2_password completed succesfully
2025-08-18 19:19:56,296 - INFO - Database 'vender' has been recreated successfully

2025-08-18 19:19:58,299 - INFO - Step 2: Processing CSV files...
2025-08-18 19:19:58,299 - INFO - Processing begin_inventory.csv...
2025-08-18 19:19:58,528 - INFO - Loaded 206529 rows from begin_inventory.csv
2025-08-18 19:19:58,576 - DEBUG - Starting authorization phase
2025-08-18 19:19:58,576 - DEBUG - The provided initial strategy is caching_sha2_password
2025-08-18 19:19:58,576 - DEBUG - Exchanging further packets
2025-08-18 19:19:58,576 - DEBUG - caching_sha2_password completed succesfully
2025-08-18 19:19:58,792 - INFO - Created table 'begin_inventory'
2025-08-18 19:20:10,541 - INFO - Successfully inserted all 206529 rows into 'begin_inventory'
2025-08-18 19:20:10,546 - INFO - Completed processing begin_inventory

2025-08-18 19:20:11,548 - INFO - Processing end_inventory.csv...
2025-08-18 19:20:11,791 - INFO - Loaded 224489 rows from end_inventory.csv
2025-08-18 19:20:11,841 - DEBUG - Starting authorization phase
2025-08-18 19:20:11,841 - DEBUG - The provided initial strategy is caching_sha2_password
2025-08-18 19:20:11,841 - DEBUG - Exchanging further packets
2025-08-18 19:20:11,841 - DEBUG - caching_sha2_password completed succesfully
2025-08-18 19:20:12,091 - INFO - Created table 'end_inventory'
2025-08-18 19:20:29,725 - INFO - Successfully inserted all 224489 rows into 'end_inventory'
2025-08-18 19:20:29,735 - INFO - Completed processing end_inventory

2025-08-18 19:20:30,738 - INFO - Processing purchases.csv...
2025-08-18 19:20:36,316 - INFO - Loaded 2372474 rows from purchases.csv
2025-08-18 19:20:39,350 - DEBUG - Starting authorization phase
2025-08-18 19:20:39,350 - DEBUG - The provided initial strategy is caching_sha2_password
2025-08-18 19:20:39,351 - DEBUG - Exchanging further packets
2025-08-18 19:20:39,352 - DEBUG - caching_sha2_password completed succesfully
2025-08-18 19:20:52,814 - INFO - Created table 'purchases'
2025-08-18 19:30:43,651 - INFO - Successfully inserted all 2372474 rows into 'purchases'
2025-08-18 19:30:43,850 - INFO - Completed processing purchases

2025-08-18 19:30:44,851 - INFO - Processing purchase_prices.csv...
2025-08-18 19:30:44,889 - INFO - Loaded 12261 rows from purchase_prices.csv
2025-08-18 19:30:44,901 - DEBUG - Starting authorization phase
2025-08-18 19:30:44,901 - DEBUG - The provided initial strategy is caching_sha2_password
2025-08-18 19:30:44,902 - DEBUG - Exchanging further packets
2025-08-18 19:30:44,903 - DEBUG - caching_sha2_password completed succesfully
2025-08-18 19:30:44,988 - INFO - Created table 'purchase_prices'
2025-08-18 19:30:47,680 - INFO - Successfully inserted all 12261 rows into 'purchase_prices'
2025-08-18 19:30:47,681 - INFO - Completed processing purchase_prices

2025-08-18 19:30:48,682 - INFO - Processing sales.csv...
2025-08-18 19:31:42,014 - INFO - Loaded 12825363 rows from sales.csv
2025-08-18 19:31:52,128 - DEBUG - Starting authorization phase
2025-08-18 19:31:52,128 - DEBUG - The provided initial strategy is caching_sha2_password
2025-08-18 19:31:52,129 - DEBUG - Exchanging further packets
2025-08-18 19:31:52,129 - DEBUG - caching_sha2_password completed succesfully
2025-08-18 19:32:39,744 - INFO - Created table 'sales'
2025-08-18 20:51:20,800 - INFO - Successfully inserted all 12825363 rows into 'sales'
2025-08-18 20:51:21,575 - INFO - Completed processing sales

2025-08-18 20:51:22,576 - INFO - Processing vendor_invoice.csv...
2025-08-18 20:51:22,596 - INFO - Loaded 5543 rows from vendor_invoice.csv
2025-08-18 20:51:22,601 - DEBUG - Starting authorization phase
2025-08-18 20:51:22,601 - DEBUG - The provided initial strategy is caching_sha2_password
2025-08-18 20:51:22,601 - DEBUG - Exchanging further packets
2025-08-18 20:51:22,609 - DEBUG - caching_sha2_password completed succesfully
2025-08-18 20:51:22,672 - INFO - Created table 'vendor_invoice'
2025-08-18 20:51:23,547 - INFO - Successfully inserted all 5543 rows into 'vendor_invoice'
2025-08-18 20:51:23,549 - INFO - Completed processing vendor_invoice

2025-08-18 20:51:24,550 - INFO - 
Data upload process completed!
2025-08-18 20:51:24,550 - INFO - 
--- Database Summary ---
2025-08-18 20:51:24,552 - DEBUG - Starting authorization phase
2025-08-18 20:51:24,552 - DEBUG - The provided initial strategy is caching_sha2_password
2025-08-18 20:51:24,552 - DEBUG - Exchanging further packets
2025-08-18 20:51:24,552 - DEBUG - caching_sha2_password completed succesfully
2025-08-18 20:51:24,698 - INFO - Table 'begin_inventory': 206,529 rows
2025-08-18 20:51:24,800 - INFO - Table 'end_inventory': 224,489 rows
2025-08-18 20:51:25,608 - INFO - Table 'purchases': 2,372,474 rows
2025-08-18 20:51:25,628 - INFO - Table 'purchase_prices': 12,261 rows
2025-08-18 20:51:28,767 - INFO - Table 'sales': 12,825,363 rows
2025-08-18 20:51:28,772 - INFO - Table 'vendor_invoice': 5,543 rows
2025-08-18 20:51:28,772 - INFO - -------------Ingestion Complete---------------
2025-08-18 20:51:28,772 - INFO - 
Total Time Taken: 91.86 minutes
